[Thu Jun 11 22:33:31 2026] 4 seconds summary: 3 packets of 3 || 0.75 packets per second  !!
[Thu Jun 11 22:33:35 2026] 4 seconds summary: 3 packets of 6 || 0.75 packets per second  !!
[Thu Jun 11 22:35:57 2026] 4 seconds summary: 3 packets of 3 || 0.75 packets per second  !!
[Thu Jun 11 22:36:01 2026] 4 seconds summary: 2 packets of 5 || 0.5 packets per second  !!
[Thu Jun 11 22:36:05 2026] 4 seconds summary: 3 packets of 8 || 0.75 packets per second  !!
[Thu Jun 11 22:36:09 2026] 4 seconds summary: 4 packets of 12 || 1 packets per second  !!
[Thu Jun 11 22:36:16 2026] 4 seconds summary: 3 packets of 3 || 0.75 packets per second  !!
[Thu Jun 11 22:36:20 2026] 4 seconds summary: 1 packets of 4 || 0.25 packets per second  !!
[Sat Jun 13 00:09:07 2026] 4 seconds summary: 3 packets of 3 || 0.75 packets per second  !!
[Sat Jun 13 00:09:11 2026] 4 seconds summary: 1 packets of 4 || 0.25 packets per second  !!
[Sat Jun 13 00:09:15 2026] 4 seconds summary: 2 packets of 6 || 0.5 packets per second  !!
[Sat Jun 13 00:09:19 2026] 4 seconds summary: 2 packets of 8 || 0.5 packets per second  !!
[Sat Jun 13 00:09:23 2026] 4 seconds summary: 3 packets of 11 || 0.75 packets per second  !!
[Sat Jun 13 00:09:27 2026] 4 seconds summary: 4 packets of 15 || 1 packets per second  !!
[Sat Jun 13 00:09:31 2026] 4 seconds summary: 2 packets of 17 || 0.5 packets per second  !!
[Sat Jun 13 00:09:35 2026] 4 seconds summary: 3 packets of 20 || 0.75 packets per second  !!
[Sat Jun 13 00:09:39 2026] 4 seconds summary: 3 packets of 23 || 0.75 packets per second  !!
[Sat Jun 13 00:09:43 2026] 4 seconds summary: 2 packets of 25 || 0.5 packets per second  !!
[Sat Jun 13 00:09:47 2026] 4 seconds summary: 2 packets of 27 || 0.5 packets per second  !!
[Sat Jun 13 00:09:51 2026] 4 seconds summary: 3 packets of 30 || 0.75 packets per second  !!
[Sat Jun 13 00:09:55 2026] 4 seconds summary: 3 packets of 33 || 0.75 packets per second  !!
[Sat Jun 13 00:09:59 2026] 4 seconds summary: 2 packets of 35 || 0.5 packets per second  !!
[Sat Jun 13 00:10:03 2026] 4 seconds summary: 4 packets of 39 || 1 packets per second  !!
[Sat Jun 13 00:10:07 2026] 4 seconds summary: 3 packets of 42 || 0.75 packets per second  !!
[Sat Jun 13 00:10:11 2026] 4 seconds summary: 0 packets of 42 || 0 packets per second  !!
[Sat Jun 13 00:10:15 2026] 4 seconds summary: 2 packets of 44 || 0.5 packets per second  !!
[Sat Jun 13 00:10:19 2026] 4 seconds summary: 1 packets of 45 || 0.25 packets per second  !!
[Sat Jun 13 00:10:23 2026] 4 seconds summary: 1 packets of 46 || 0.25 packets per second  !!
[Sat Jun 13 00:10:27 2026] 4 seconds summary: 4 packets of 50 || 1 packets per second  !!
[Sat Jun 13 00:10:31 2026] 4 seconds summary: 2 packets of 52 || 0.5 packets per second  !!
[Sat Jun 13 00:10:35 2026] 4 seconds summary: 4 packets of 56 || 1 packets per second  !!
[Sat Jun 13 00:10:39 2026] 4 seconds summary: 2 packets of 58 || 0.5 packets per second  !!
[Sat Jun 13 00:10:43 2026] 4 seconds summary: 3 packets of 61 || 0.75 packets per second  !!
[Sat Jun 13 00:10:47 2026] 4 seconds summary: 4 packets of 65 || 1 packets per second  !!
[Sat Jun 13 00:10:51 2026] 4 seconds summary: 3 packets of 68 || 0.75 packets per second  !!
[Sat Jun 13 00:10:55 2026] 4 seconds summary: 3 packets of 71 || 0.75 packets per second  !!
[Sat Jun 13 00:10:59 2026] 4 seconds summary: 4 packets of 75 || 1 packets per second  !!
[Sat Jun 13 00:11:03 2026] 4 seconds summary: 1 packets of 76 || 0.25 packets per second  !!
[Sat Jun 13 00:11:07 2026] 4 seconds summary: 2 packets of 78 || 0.5 packets per second  !!
[Sat Jun 13 00:11:11 2026] 4 seconds summary: 4 packets of 82 || 1 packets per second  !!
[Sat Jun 13 00:11:15 2026] 4 seconds summary: 2 packets of 84 || 0.5 packets per second  !!
[Sat Jun 13 00:14:40 2026] 4 seconds summary: 2 packets of 2 || 0.5 packets per second  !!
[Sat Jun 13 00:14:44 2026] 4 seconds summary: 2 packets of 4 || 0.5 packets per second  !!
[Sat Jun 13 00:14:48 2026] 4 seconds summary: 6 packets of 10 || 1.5 packets per second  !!
[Sat Jun 13 00:14:52 2026] 4 seconds summary: 1 packets of 11 || 0.25 packets per second  !!
[Sat Jun 13 00:14:56 2026] 4 seconds summary: 4 packets of 15 || 1 packets per second  !!
[Sat Jun 13 00:15:00 2026] 4 seconds summary: 2 packets of 17 || 0.5 packets per second  !!
[Sat Jun 13 00:15:04 2026] 4 seconds summary: 1 packets of 18 || 0.25 packets per second  !!
[Sat Jun 13 00:15:08 2026] 4 seconds summary: 4 packets of 22 || 1 packets per second  !!
[Sat Jun 13 00:15:12 2026] 4 seconds summary: 2 packets of 24 || 0.5 packets per second  !!
[Sat Jun 13 00:15:16 2026] 4 seconds summary: 3 packets of 27 || 0.75 packets per second  !!
[Sat Jun 13 00:17:11 2026] 4 seconds summary: 2 packets of 2 || 0.5 packets per second  !!
[Sat Jun 13 00:17:15 2026] 4 seconds summary: 2 packets of 4 || 0.5 packets per second  !!
[Sat Jun 13 00:17:19 2026] 4 seconds summary: 3 packets of 7 || 0.75 packets per second  !!
[Sat Jun 13 00:17:23 2026] 4 seconds summary: 2 packets of 9 || 0.5 packets per second  !!
[Sat Jun 13 00:17:27 2026] 4 seconds summary: 3 packets of 12 || 0.75 packets per second  !!
[Sat Jun 13 00:17:31 2026] 4 seconds summary: 3 packets of 15 || 0.75 packets per second  !!
[Sat Jun 13 00:17:35 2026] 4 seconds summary: 1 packets of 16 || 0.25 packets per second  !!
[Sat Jun 13 00:17:39 2026] 4 seconds summary: 0 packets of 16 || 0 packets per second  !!
[Sat Jun 13 00:17:43 2026] 4 seconds summary: 2 packets of 18 || 0.5 packets per second  !!
[Sat Jun 13 00:17:47 2026] 4 seconds summary: 3 packets of 21 || 0.75 packets per second  !!
[Sat Jun 13 00:17:51 2026] 4 seconds summary: 2 packets of 23 || 0.5 packets per second  !!
[Sat Jun 13 00:17:55 2026] 4 seconds summary: 3 packets of 26 || 0.75 packets per second  !!
[Sat Jun 13 00:25:15 2026] 4 seconds summary: 2 packets of 2 || 0.5 packets per second  !!
[Sat Jun 13 00:25:19 2026] 4 seconds summary: 3 packets of 5 || 0.75 packets per second  !!
[Sat Jun 13 00:25:23 2026] 4 seconds summary: 3 packets of 8 || 0.75 packets per second  !!
[Sat Jun 13 00:25:27 2026] 4 seconds summary: 12 packets of 20 || 3 packets per second  !!
[Sat Jun 13 00:25:31 2026] 4 seconds summary: 6 packets of 26 || 1.5 packets per second  !!
[Sat Jun 13 00:25:35 2026] 4 seconds summary: 3 packets of 29 || 0.75 packets per second  !!
[Sat Jun 13 00:25:39 2026] 4 seconds summary: 2 packets of 31 || 0.5 packets per second  !!
[Sat Jun 13 00:25:43 2026] 4 seconds summary: 2 packets of 33 || 0.5 packets per second  !!
[Sat Jun 13 00:25:47 2026] 4 seconds summary: 3 packets of 36 || 0.75 packets per second  !!
[Sat Jun 13 00:25:51 2026] 4 seconds summary: 3 packets of 39 || 0.75 packets per second  !!
[Sat Jun 13 00:25:55 2026] 4 seconds summary: 4 packets of 43 || 1 packets per second  !!
[Sat Jun 13 00:25:59 2026] 4 seconds summary: 4 packets of 47 || 1 packets per second  !!
[Sat Jun 13 00:26:03 2026] 4 seconds summary: 3 packets of 50 || 0.75 packets per second  !!
[Sat Jun 13 00:26:07 2026] 4 seconds summary: 3 packets of 53 || 0.75 packets per second  !!
[Sat Jun 13 00:26:11 2026] 4 seconds summary: 7 packets of 60 || 1.75 packets per second  !!
[Sat Jun 13 00:26:39 2026] 4 seconds summary: 3 packets of 3 || 0.75 packets per second  !!
[Sat Jun 13 00:26:43 2026] 4 seconds summary: 3 packets of 6 || 0.75 packets per second  !!
[Sat Jun 13 00:26:47 2026] 4 seconds summary: 3 packets of 9 || 0.75 packets per second  !!
[Sat Jun 13 00:26:51 2026] 4 seconds summary: 9 packets of 18 || 2.25 packets per second  !!
[Sat Jun 13 00:26:55 2026] 4 seconds summary: 14 packets of 32 || 3.5 packets per second  !!
[Sat Jun 13 00:26:59 2026] 4 seconds summary: 2 packets of 34 || 0.5 packets per second  !!
[Sat Jun 13 00:27:03 2026] 4 seconds summary: 5 packets of 39 || 1.25 packets per second  !!
[Sat Jun 13 00:27:07 2026] 4 seconds summary: 3 packets of 42 || 0.75 packets per second  !!
[Sat Jun 13 00:27:11 2026] 4 seconds summary: 2 packets of 44 || 0.5 packets per second  !!
[Sat Jun 13 00:27:15 2026] 4 seconds summary: 5 packets of 49 || 1.25 packets per second  !!
[Sat Jun 13 00:27:19 2026] 4 seconds summary: 3 packets of 52 || 0.75 packets per second  !!
[Sat Jun 13 00:27:23 2026] 4 seconds summary: 1 packets of 53 || 0.25 packets per second  !!
[Sat Jun 13 00:27:27 2026] 4 seconds summary: 3 packets of 56 || 0.75 packets per second  !!
[Sat Jun 13 00:27:48 2026] 4 seconds summary: 17 packets of 17 || 4.25 packets per second  !!
[Sat Jun 13 00:27:52 2026] 4 seconds summary: 29 packets of 46 || 7.25 packets per second  !!
[Sat Jun 13 00:27:56 2026] 4 seconds summary: 25 packets of 71 || 6.25 packets per second  !!
[Sat Jun 13 00:28:00 2026] 4 seconds summary: 19 packets of 90 || 4.75 packets per second  !!
[Sat Jun 13 00:28:04 2026] 4 seconds summary: 13 packets of 103 || 3.25 packets per second  !!
[Sat Jun 13 00:28:08 2026] 4 seconds summary: 2 packets of 105 || 0.5 packets per second  !!
[Sat Jun 13 00:28:12 2026] 4 seconds summary: 3 packets of 108 || 0.75 packets per second  !!
[Sat Jun 13 00:28:16 2026] 4 seconds summary: 14 packets of 122 || 3.5 packets per second  !!
[Sat Jun 13 00:28:20 2026] 4 seconds summary: 15 packets of 137 || 3.75 packets per second  !!
[Sat Jun 13 00:28:24 2026] 4 seconds summary: 6 packets of 143 || 1.5 packets per second  !!
[Sat Jun 13 00:28:28 2026] 4 seconds summary: 2 packets of 145 || 0.5 packets per second  !!
[Sat Jun 13 00:28:32 2026] 4 seconds summary: 12 packets of 157 || 3 packets per second  !!
[Sat Jun 13 00:28:36 2026] 4 seconds summary: 33 packets of 190 || 8.25 packets per second  !!
[Sat Jun 13 00:38:24 2026] 4 seconds summary: 1 packets of 1 || 0.25 packets per second  !!
[Sat Jun 13 00:38:28 2026] 4 seconds summary: 3 packets of 4 || 0.75 packets per second  !!
[Sat Jun 13 00:38:32 2026] 4 seconds summary: 7 packets of 11 || 1.75 packets per second  !!
[Sat Jun 13 00:38:47 2026] 4 seconds summary: 2 packets of 2 || 0.5 packets per second  !!
[Sat Jun 13 00:38:51 2026] 4 seconds summary: 4 packets of 6 || 1 packets per second  !!
[Sat Jun 13 00:38:55 2026] 4 seconds summary: 2 packets of 8 || 0.5 packets per second  !!
[Sat Jun 13 00:38:59 2026] 4 seconds summary: 7 packets of 15 || 1.75 packets per second  !!
[Sat Jun 13 00:39:03 2026] 4 seconds summary: 2 packets of 17 || 0.5 packets per second  !!
[Sat Jun 13 00:39:48 2026] 4 seconds summary: 362 packets of 362 || 90.5 packets per second  !!
[Sat Jun 13 00:39:52 2026] 4 seconds summary: 286 packets of 648 || 71.5 packets per second  !!
[Sat Jun 13 00:39:56 2026] 4 seconds summary: 70 packets of 718 || 17.5 packets per second  !!
[Sat Jun 13 00:40:00 2026] 4 seconds summary: 157 packets of 875 || 39.25 packets per second  !!
[Sat Jun 13 00:40:04 2026] 4 seconds summary: 404 packets of 1279 || 101 packets per second  !!
[Sat Jun 13 00:40:08 2026] 4 seconds summary: 782 packets of 2061 || 195.5 packets per second  !!
[Sat Jun 13 00:44:16 2026] 4 seconds summary: 75 packets of 75 || 18.75 packets per second  !!
[Sat Jun 13 00:44:20 2026] 4 seconds summary: 157 packets of 232 || 39.25 packets per second  !!
[Sat Jun 13 00:44:24 2026] 4 seconds summary: 63 packets of 295 || 15.75 packets per second  !!
[Sat Jun 13 00:44:28 2026] 4 seconds summary: 121 packets of 416 || 30.25 packets per second  !!
[Sat Jun 13 00:44:32 2026] 4 seconds summary: 145 packets of 561 || 36.25 packets per second  !!
[Sat Jun 13 00:44:36 2026] 4 seconds summary: 698 packets of 1259 || 174.5 packets per second  !!
[Sat Jun 13 00:44:40 2026] 4 seconds summary: 447 packets of 1706 || 111.75 packets per second  !!
[Sat Jun 13 00:44:44 2026] 4 seconds summary: 421 packets of 2127 || 105.25 packets per second  !!
[Sat Jun 13 00:44:48 2026] 4 seconds summary: 68 packets of 2195 || 17 packets per second  !!
[Sat Jun 13 00:44:52 2026] 4 seconds summary: 82 packets of 2277 || 20.5 packets per second  !!
[Sat Jun 13 00:44:56 2026] 4 seconds summary: 49 packets of 2326 || 12.25 packets per second  !!
[Sat Jun 13 00:45:00 2026] 4 seconds summary: 136 packets of 2462 || 34 packets per second  !!
[Sat Jun 13 00:45:04 2026] 4 seconds summary: 264 packets of 2726 || 66 packets per second  !!
[Sat Jun 13 00:45:08 2026] 4 seconds summary: 96 packets of 2822 || 24 packets per second  !!
[Sat Jun 13 00:45:12 2026] 4 seconds summary: 150 packets of 2972 || 37.5 packets per second  !!
[Sat Jun 13 00:45:16 2026] 4 seconds summary: 162 packets of 3134 || 40.5 packets per second  !!
[Sat Jun 13 00:45:20 2026] 4 seconds summary: 104 packets of 3238 || 26 packets per second  !!
[Sat Jun 13 00:45:24 2026] 4 seconds summary: 174 packets of 3412 || 43.5 packets per second  !!
[Sat Jun 13 00:45:25 2026] 192.168.1.137 Is scanning your ports !!
[Sat Jun 13 00:45:25 2026] 192.168.1.137 Is scanning your ports !!
[Sat Jun 13 00:45:25 2026] 192.168.1.137 Is scanning your ports !!
[Sat Jun 13 00:45:26 2026] 192.168.1.137 Is scanning your ports !!
[Sat Jun 13 00:45:26 2026] 192.168.1.137 Is scanning your ports !!
[Sat Jun 13 00:45:27 2026] 192.168.1.137 Is scanning your ports !!
[Sat Jun 13 00:45:27 2026] 192.168.1.137 Is scanning your ports !!
[Sat Jun 13 00:45:28 2026] 4 seconds summary: 467 packets of 3879 || 116.75 packets per second  !!
[Sat Jun 13 00:45:29 2026] 192.168.1.137 Is scanning your ports !!
[Sat Jun 13 00:45:29 2026] 192.168.1.137 Is scanning your ports !!
[Sat Jun 13 00:45:29 2026] 192.168.1.137 Is scanning your ports !!
[Sat Jun 13 00:45:31 2026] 192.168.1.137 Is scanning your ports !!
[Sat Jun 13 00:45:32 2026] 192.168.1.137 Is scanning your ports !!
[Sat Jun 13 00:45:32 2026] 192.168.1.137 Is scanning your ports !!
[Sat Jun 13 00:45:32 2026] 192.168.1.137 Is scanning your ports !!
[Sat Jun 13 00:45:32 2026] 192.168.1.137 Is scanning your ports !!
[Sat Jun 13 00:45:32 2026] 4 seconds summary: 441 packets of 4320 || 110.25 packets per second  !!
[Sat Jun 13 00:45:32 2026] 192.168.1.137 Is scanning your ports !!
[Sat Jun 13 00:45:33 2026] 192.168.1.137 Is scanning your ports !!
[Sat Jun 13 00:45:33 2026] 192.168.1.137 Is scanning your ports !!
[Sat Jun 13 00:45:34 2026] 192.168.1.137 Is scanning your ports !!
[Sat Jun 13 00:45:35 2026] 192.168.1.137 Is scanning your ports !!
[Sat Jun 13 00:45:36 2026] 192.168.1.137 Is scanning your ports !!
[Sat Jun 13 00:45:36 2026] 192.168.1.137 Is scanning your ports !!
[Sat Jun 13 00:45:36 2026] 4 seconds summary: 510 packets of 4830 || 127.5 packets per second  !!
[Sat Jun 13 00:45:36 2026] 192.168.1.137 Is scanning your ports !!
[Sat Jun 13 00:45:37 2026] 192.168.1.137 Is scanning your ports !!
[Sat Jun 13 00:45:37 2026] 192.168.1.137 Is scanning your ports !!
[Sat Jun 13 00:45:37 2026] 192.168.1.137 Is scanning your ports !!
[Sat Jun 13 00:45:38 2026] 192.168.1.137 Is scanning your ports !!
[Sat Jun 13 00:45:38 2026] 192.168.1.137 Is scanning your ports !!
[Sat Jun 13 00:45:40 2026] 192.168.1.137 Is scanning your ports !!
[Sat Jun 13 00:45:40 2026] 192.168.1.137 Is scanning your ports !!
[Sat Jun 13 00:45:40 2026] 192.168.1.137 Is scanning your ports !!
[Sat Jun 13 00:45:40 2026] 4 seconds summary: 475 packets of 5305 || 118.75 packets per second  !!
[Sat Jun 13 00:45:44 2026] 4 seconds summary: 52 packets of 5357 || 13 packets per second  !!
[Sat Jun 13 00:45:48 2026] 4 seconds summary: 299 packets of 5656 || 74.75 packets per second  !!
[Sat Jun 13 00:45:52 2026] 4 seconds summary: 118 packets of 5774 || 29.5 packets per second  !!
[Sat Jun 13 00:45:54 2026] 192.168.1.137 Is bruteforcing you ssh Password !!
[Sat Jun 13 00:45:55 2026] 192.168.1.137 Is bruteforcing you ssh Password !!
[Sat Jun 13 00:45:56 2026] 4 seconds summary: 463 packets of 6237 || 115.75 packets per second  !!
[Sat Jun 13 00:46:00 2026] 4 seconds summary: 183 packets of 6420 || 45.75 packets per second  !!
[Sat Jun 13 00:46:04 2026] 4 seconds summary: 39 packets of 6459 || 9.75 packets per second  !!
[Sat Jun 13 00:46:08 2026] 4 seconds summary: 183 packets of 6642 || 45.75 packets per second  !!
[Sat Jun 13 00:46:12 2026] 4 seconds summary: 118 packets of 6760 || 29.5 packets per second  !!
[Sat Jun 13 00:46:16 2026] 4 seconds summary: 19 packets of 6779 || 4.75 packets per second  !!
[Sat Jun 13 00:46:20 2026] 4 seconds summary: 222 packets of 7001 || 55.5 packets per second  !!
[Sat Jun 13 00:46:24 2026] 4 seconds summary: 158 packets of 7159 || 39.5 packets per second  !!
[Sat Jun 13 00:46:28 2026] 4 seconds summary: 12 packets of 7171 || 3 packets per second  !!
